// Jest Snapshot v1, https://goo.gl/fbAQLP

exports[`BaseTemplate should render properly 1`] = `
<div
  className="pw-template"
>
  <div
    className="pw-template__header"
  >
    <Header />
  </div>
  <div
    className="pw-template__scrollwrapper"
  >
    <Scrollable>
      <div
        className="pw-template__content"
      >
        <div
          className="pw-template__inner"
        >
          <Content />
        </div>
      </div>
    </Scrollable>
  </div>
  <div
    className="pw-template__footer"
  >
    <Footer />
  </div>
</div>
`;
